{
    "failed_checks": [
        {
            "file": "/apigateway/main.tf",
            "findings": [
                {
                    "resource": "aws_api_gateway_method.method",
                    "check_ids": [
                        "CKV2_AWS_53"
                    ]
                },
                {
                    "resource": "aws_api_gateway_rest_api.rest_api",
                    "check_ids": [
                        "CKV_AWS_237"
                    ]
                },
                {
                    "resource": "aws_api_gateway_stage.rest_stage",
                    "check_ids": [
                        "CKV2_AWS_51",
                        "CKV2_AWS_77",
                        "CKV_AWS_120"
                    ]
                },
                {
                    "resource": "aws_cloudwatch_log_group.api_logs[0]",
                    "check_ids": [
                        "CKV_AWS_338"
                    ]
                },
                {
                    "resource": "aws_wafv2_web_acl.api_waf",
                    "check_ids": [
                        "CKV2_AWS_31"
                    ]
                }
            ]
        },
        {
            "file": "/backend/s3-backend.tf",
            "findings": [
                {
                    "resource": "aws_s3_bucket.terraform_state",
                    "check_ids": [
                        "CKV2_AWS_62",
                        "CKV_AWS_144"
                    ]
                },
                {
                    "resource": "aws_s3_bucket.terraform_state_access_logs[0]",
                    "check_ids": [
                        "CKV2_AWS_62",
                        "CKV_AWS_144"
                    ]
                },
                {
                    "resource": "aws_s3_bucket.terraform_state_logs",
                    "check_ids": [
                        "CKV2_AWS_62",
                        "CKV_AWS_144"
                    ]
                }
            ]
        },
        {
            "file": "/cost-optimization/main.tf",
            "findings": [
                {
                    "resource": "aws_iam_role_policy.scheduler",
                    "check_ids": [
                        "CKV_AWS_290",
                        "CKV_AWS_355"
                    ]
                },
                {
                    "resource": "aws_lambda_function.resource_cleanup",
                    "check_ids": [
                        "CKV_AWS_115",
                        "CKV_AWS_116",
                        "CKV_AWS_117",
                        "CKV_AWS_173",
                        "CKV_AWS_272",
                        "CKV_AWS_50"
                    ]
                },
                {
                    "resource": "aws_lambda_function.savings_analyzer",
                    "check_ids": [
                        "CKV_AWS_115",
                        "CKV_AWS_116",
                        "CKV_AWS_117",
                        "CKV_AWS_173",
                        "CKV_AWS_272",
                        "CKV_AWS_50"
                    ]
                },
                {
                    "resource": "aws_lambda_function.scheduler",
                    "check_ids": [
                        "CKV_AWS_115",
                        "CKV_AWS_116",
                        "CKV_AWS_117",
                        "CKV_AWS_173",
                        "CKV_AWS_272",
                        "CKV_AWS_50"
                    ]
                },
                {
                    "resource": "aws_sns_topic.cost_alerts",
                    "check_ids": [
                        "CKV_AWS_26"
                    ]
                }
            ]
        },
        {
            "file": "/dns/main.tf",
            "findings": [
                {
                    "resource": "aws_route53_zone.root_zone",
                    "check_ids": [
                        "CKV2_AWS_38",
                        "CKV2_AWS_39"
                    ]
                }
            ]
        },
        {
            "file": "/ec2/launch-template.tf",
            "findings": [
                {
                    "resource": "aws_instance.from_launch_template[0]",
                    "check_ids": [
                        "CKV2_AWS_41"
                    ]
                }
            ]
        },
        {
            "file": "/ec2/main.tf",
            "findings": [
                {
                    "resource": "aws_secretsmanager_secret.ssh_key[0]",
                    "check_ids": [
                        "CKV2_AWS_57"
                    ]
                }
            ]
        },
        {
            "file": "/eks-backend-services/main.tf",
            "findings": [
                {
                    "resource": "kubernetes_deployment_v1.backend_services",
                    "check_ids": [
                        "CKV_K8S_14",
                        "CKV_K8S_15",
                        "CKV_K8S_22",
                        "CKV_K8S_35",
                        "CKV_K8S_43"
                    ]
                }
            ]
        },
        {
            "file": "/eks/main.tf",
            "findings": [
                {
                    "resource": "module.eks_cluster.aws_eks_cluster.default[0]",
                    "check_ids": [
                        "CKV_AWS_339"
                    ]
                }
            ]
        },
        {
            "file": "/idp-platform/data.tf",
            "findings": [
                {
                    "resource": "aws_availability_zones.available",
                    "check_ids": [
                        "CKV_AWS_394"
                    ]
                }
            ]
        },
        {
            "file": "/idp-platform/main.tf",
            "findings": [
                {
                    "resource": "aws_cloudwatch_log_group.redis_slow_log",
                    "check_ids": [
                        "CKV_AWS_158",
                        "CKV_AWS_338"
                    ]
                },
                {
                    "resource": "aws_elasticache_replication_group.redis",
                    "check_ids": [
                        "CKV_AWS_191",
                        "CKV_AWS_31"
                    ]
                },
                {
                    "resource": "aws_lb.idp_platform",
                    "check_ids": [
                        "CKV2_AWS_28",
                        "CKV_AWS_131",
                        "CKV_AWS_150"
                    ]
                },
                {
                    "resource": "aws_route53_zone.main",
                    "check_ids": [
                        "CKV2_AWS_38",
                        "CKV2_AWS_39"
                    ]
                },
                {
                    "resource": "aws_s3_bucket.idp_storage[\"artifacts\"]",
                    "check_ids": [
                        "CKV2_AWS_6",
                        "CKV2_AWS_61",
                        "CKV2_AWS_62",
                        "CKV_AWS_144",
                        "CKV_AWS_18"
                    ]
                },
                {
                    "resource": "aws_s3_bucket.idp_storage[\"backups\"]",
                    "check_ids": [
                        "CKV2_AWS_6",
                        "CKV2_AWS_61",
                        "CKV2_AWS_62",
                        "CKV_AWS_144",
                        "CKV_AWS_18"
                    ]
                },
                {
                    "resource": "aws_s3_bucket.idp_storage[\"logs\"]",
                    "check_ids": [
                        "CKV2_AWS_6",
                        "CKV2_AWS_62",
                        "CKV_AWS_144",
                        "CKV_AWS_145",
                        "CKV_AWS_18",
                        "CKV_AWS_21"
                    ]
                },
                {
                    "resource": "aws_s3_bucket.idp_storage[\"techdocs\"]",
                    "check_ids": [
                        "CKV2_AWS_6",
                        "CKV2_AWS_61",
                        "CKV2_AWS_62",
                        "CKV_AWS_144",
                        "CKV_AWS_18"
                    ]
                },
                {
                    "resource": "aws_s3_bucket.idp_storage[\"uploads\"]",
                    "check_ids": [
                        "CKV2_AWS_6",
                        "CKV2_AWS_61",
                        "CKV2_AWS_62",
                        "CKV_AWS_144",
                        "CKV_AWS_18",
                        "CKV_AWS_21"
                    ]
                },
                {
                    "resource": "aws_s3_bucket_lifecycle_configuration.idp_logs",
                    "check_ids": [
                        "CKV_AWS_300"
                    ]
                },
                {
                    "resource": "aws_s3_bucket_public_access_block.idp_storage[\"artifacts\"]",
                    "check_ids": [
                        "CKV_AWS_53",
                        "CKV_AWS_54",
                        "CKV_AWS_55",
                        "CKV_AWS_56"
                    ]
                },
                {
                    "resource": "aws_s3_bucket_public_access_block.idp_storage[\"backups\"]",
                    "check_ids": [
                        "CKV_AWS_53",
                        "CKV_AWS_54",
                        "CKV_AWS_55",
                        "CKV_AWS_56"
                    ]
                },
                {
                    "resource": "aws_s3_bucket_public_access_block.idp_storage[\"logs\"]",
                    "check_ids": [
                        "CKV_AWS_53",
                        "CKV_AWS_54",
                        "CKV_AWS_55",
                        "CKV_AWS_56"
                    ]
                },
                {
                    "resource": "aws_s3_bucket_public_access_block.idp_storage[\"techdocs\"]",
                    "check_ids": [
                        "CKV_AWS_53",
                        "CKV_AWS_54",
                        "CKV_AWS_55",
                        "CKV_AWS_56"
                    ]
                },
                {
                    "resource": "aws_s3_bucket_public_access_block.idp_storage[\"uploads\"]",
                    "check_ids": [
                        "CKV_AWS_53",
                        "CKV_AWS_54",
                        "CKV_AWS_55",
                        "CKV_AWS_56"
                    ]
                },
                {
                    "resource": "aws_secretsmanager_secret.idp_config",
                    "check_ids": [
                        "CKV2_AWS_57",
                        "CKV_AWS_149"
                    ]
                },
                {
                    "resource": "aws_secretsmanager_secret.redis_auth",
                    "check_ids": [
                        "CKV2_AWS_57",
                        "CKV_AWS_149"
                    ]
                },
                {
                    "resource": "aws_sns_topic.alerts",
                    "check_ids": [
                        "CKV_AWS_26"
                    ]
                }
            ]
        },
        {
            "file": "/lambda/main.tf",
            "findings": [
                {
                    "resource": "aws_cloudwatch_log_group.lambda",
                    "check_ids": [
                        "CKV_AWS_338"
                    ]
                },
                {
                    "resource": "aws_lambda_function.main",
                    "check_ids": [
                        "CKV_AWS_272",
                        "CKV_AWS_50"
                    ]
                },
                {
                    "resource": "aws_security_group.lambda[0]",
                    "check_ids": [
                        "CKV2_AWS_5"
                    ]
                }
            ]
        },
        {
            "file": "/monitoring/main.tf",
            "findings": [
                {
                    "resource": "aws_sns_topic.alarms[0]",
                    "check_ids": [
                        "CKV_AWS_26"
                    ]
                }
            ]
        },
        {
            "file": "/rds/main.tf",
            "findings": [
                {
                    "resource": "module.idp_database.aws_db_instance.main",
                    "check_ids": [
                        "CKV2_AWS_69",
                        "CKV_AWS_129",
                        "CKV_AWS_354"
                    ]
                },
                {
                    "resource": "module.idp_database.aws_db_instance.read_replica",
                    "check_ids": [
                        "CKV2_AWS_60"
                    ]
                },
                {
                    "resource": "module.idp_database.aws_security_group.rds_proxy",
                    "check_ids": [
                        "CKV2_AWS_5"
                    ]
                }
            ]
        },
        {
            "file": "/secretsmanager/main.tf",
            "findings": [
                {
                    "resource": "aws_secretsmanager_secret_rotation.this",
                    "check_ids": [
                        "CKV_AWS_304"
                    ]
                }
            ]
        },
        {
            "file": "/security-monitoring/main.tf",
            "findings": [
                {
                    "resource": "aws_guardduty_detector.main",
                    "check_ids": [
                        "CKV2_AWS_3"
                    ]
                }
            ]
        },
        {
            "file": "/securitygroup/main.tf",
            "findings": [
                {
                    "resource": "aws_security_group.this",
                    "check_ids": [
                        "CKV2_AWS_5"
                    ]
                }
            ]
        },
        {
            "file": "/securitygroup/rules.tf",
            "findings": [
                {
                    "resource": "aws_cloudwatch_log_group.security_group_changes[0]",
                    "check_ids": [
                        "CKV_AWS_158",
                        "CKV_AWS_338"
                    ]
                }
            ]
        },
        {
            "file": "/vpc/flow-logs.tf",
            "findings": [
                {
                    "resource": "aws_cloudwatch_log_group.flow_logs[0]",
                    "check_ids": [
                        "CKV_AWS_338"
                    ]
                },
                {
                    "resource": "aws_cloudwatch_log_group.flow_logs",
                    "check_ids": [
                        "CKV_AWS_338"
                    ]
                },
                {
                    "resource": "aws_s3_bucket.flow_logs",
                    "check_ids": [
                        "CKV2_AWS_62",
                        "CKV_AWS_144",
                        "CKV_AWS_18"
                    ]
                },
                {
                    "resource": "aws_s3_bucket.flow_logs[0]",
                    "check_ids": [
                        "CKV2_AWS_62",
                        "CKV_AWS_144",
                        "CKV_AWS_18"
                    ]
                }
            ]
        },
        {
            "file": "/vpc/nat-gateway.tf",
            "findings": [
                {
                    "resource": "aws_availability_zones.available",
                    "check_ids": [
                        "CKV_AWS_394"
                    ]
                }
            ]
        }
    ]
}