{
  "version": "1.5.0",
  "plugins_used": [
    {
      "name": "ArtifactoryDetector"
    },
    {
      "name": "AWSKeyDetector"
    },
    {
      "name": "AzureStorageKeyDetector"
    },
    {
      "name": "Base64HighEntropyString",
      "limit": 4.5
    },
    {
      "name": "BasicAuthDetector"
    },
    {
      "name": "CloudantDetector"
    },
    {
      "name": "DiscordBotTokenDetector"
    },
    {
      "name": "GitHubTokenDetector"
    },
    {
      "name": "GitLabTokenDetector"
    },
    {
      "name": "HexHighEntropyString",
      "limit": 3.0
    },
    {
      "name": "IbmCloudIamDetector"
    },
    {
      "name": "IbmCosHmacDetector"
    },
    {
      "name": "IPPublicDetector"
    },
    {
      "name": "JwtTokenDetector"
    },
    {
      "name": "KeywordDetector",
      "keyword_exclude": ""
    },
    {
      "name": "MailchimpDetector"
    },
    {
      "name": "NpmDetector"
    },
    {
      "name": "OpenAIDetector"
    },
    {
      "name": "PrivateKeyDetector"
    },
    {
      "name": "PypiTokenDetector"
    },
    {
      "name": "SendGridDetector"
    },
    {
      "name": "SlackDetector"
    },
    {
      "name": "SoftlayerDetector"
    },
    {
      "name": "SquareOAuthDetector"
    },
    {
      "name": "StripeDetector"
    },
    {
      "name": "TelegramBotTokenDetector"
    },
    {
      "name": "TwilioKeyDetector"
    }
  ],
  "filters_used": [
    {
      "path": "detect_secrets.filters.allowlist.is_line_allowlisted"
    },
    {
      "path": "detect_secrets.filters.common.is_baseline_file",
      "filename": ".secrets.baseline"
    },
    {
      "path": "detect_secrets.filters.common.is_ignored_due_to_verification_policies",
      "min_level": 2
    },
    {
      "path": "detect_secrets.filters.heuristic.is_indirect_reference"
    },
    {
      "path": "detect_secrets.filters.heuristic.is_likely_id_string"
    },
    {
      "path": "detect_secrets.filters.heuristic.is_lock_file"
    },
    {
      "path": "detect_secrets.filters.heuristic.is_not_alphanumeric_string"
    },
    {
      "path": "detect_secrets.filters.heuristic.is_potential_uuid"
    },
    {
      "path": "detect_secrets.filters.heuristic.is_prefixed_with_dollar_sign"
    },
    {
      "path": "detect_secrets.filters.heuristic.is_sequential_string"
    },
    {
      "path": "detect_secrets.filters.heuristic.is_swagger_file"
    },
    {
      "path": "detect_secrets.filters.heuristic.is_templated_secret"
    },
    {
      "path": "detect_secrets.filters.regex.should_exclude_file",
      "pattern": [
        "(package-lock\\.json|\\.terraform\\.lock\\.hcl)$"
      ]
    }
  ],
  "results": {
    ".github/workflows/terraform-ci.yml": [
      {
        "type": "Secret Keyword",
        "filename": ".github/workflows/terraform-ci.yml",
        "hashed_secret": "a94a8fe5ccb19ba61c4c0873d391e987982fbbd3",
        "is_verified": false,
        "line_number": 292,
        "is_secret": false
      }
    ],
    "components/terraform/acm/outputs.tf": [
      {
        "type": "Secret Keyword",
        "filename": "components/terraform/acm/outputs.tf",
        "hashed_secret": "67c826b6d3414fe0e998026d872188bd942db8b5",
        "is_verified": false,
        "line_number": 63,
        "is_secret": false
      }
    ],
    "components/terraform/alb/tests/alb.tftest.hcl": [
      {
        "type": "Secret Keyword",
        "filename": "components/terraform/alb/tests/alb.tftest.hcl",
        "hashed_secret": "a94a8fe5ccb19ba61c4c0873d391e987982fbbd3",
        "is_verified": false,
        "line_number": 9,
        "is_secret": false
      }
    ],
    "components/terraform/apigateway-account/tests/apigateway_account.tftest.hcl": [
      {
        "type": "Secret Keyword",
        "filename": "components/terraform/apigateway-account/tests/apigateway_account.tftest.hcl",
        "hashed_secret": "a94a8fe5ccb19ba61c4c0873d391e987982fbbd3",
        "is_verified": false,
        "line_number": 12,
        "is_secret": false
      }
    ],
    "components/terraform/awsconfig/tests/awsconfig.tftest.hcl": [
      {
        "type": "Secret Keyword",
        "filename": "components/terraform/awsconfig/tests/awsconfig.tftest.hcl",
        "hashed_secret": "a94a8fe5ccb19ba61c4c0873d391e987982fbbd3",
        "is_verified": false,
        "line_number": 12,
        "is_secret": false
      }
    ],
    "components/terraform/backup/tests/backup.tftest.hcl": [
      {
        "type": "Secret Keyword",
        "filename": "components/terraform/backup/tests/backup.tftest.hcl",
        "hashed_secret": "a94a8fe5ccb19ba61c4c0873d391e987982fbbd3",
        "is_verified": false,
        "line_number": 16,
        "is_secret": false
      }
    ],
    "components/terraform/batch/tests/job-definitions.tftest.hcl": [
      {
        "type": "Secret Keyword",
        "filename": "components/terraform/batch/tests/job-definitions.tftest.hcl",
        "hashed_secret": "9ec623f8a61b2df09aefb9ca9e518a4cf921fe72",
        "is_verified": false,
        "line_number": 257,
        "is_secret": false
      },
      {
        "type": "Secret Keyword",
        "filename": "components/terraform/batch/tests/job-definitions.tftest.hcl",
        "hashed_secret": "7875cece6721a517e5a07b61ef98a98dc7f9f329",
        "is_verified": false,
        "line_number": 563,
        "is_secret": false
      },
      {
        "type": "Secret Keyword",
        "filename": "components/terraform/batch/tests/job-definitions.tftest.hcl",
        "hashed_secret": "f64a915641fbb0eceb65a8c1589df8e27f772bda",
        "is_verified": false,
        "line_number": 573,
        "is_secret": false
      }
    ],
    "components/terraform/cloudtrail/tests/cloudtrail.tftest.hcl": [
      {
        "type": "Secret Keyword",
        "filename": "components/terraform/cloudtrail/tests/cloudtrail.tftest.hcl",
        "hashed_secret": "a94a8fe5ccb19ba61c4c0873d391e987982fbbd3",
        "is_verified": false,
        "line_number": 12,
        "is_secret": false
      }
    ],
    "components/terraform/cost-optimization/tests/cost-optimization.tftest.hcl": [
      {
        "type": "Secret Keyword",
        "filename": "components/terraform/cost-optimization/tests/cost-optimization.tftest.hcl",
        "hashed_secret": "a94a8fe5ccb19ba61c4c0873d391e987982fbbd3",
        "is_verified": false,
        "line_number": 11,
        "is_secret": false
      }
    ],
    "components/terraform/ecs-service/tests/ecs-service.tftest.hcl": [
      {
        "type": "Base64 High Entropy String",
        "filename": "components/terraform/ecs-service/tests/ecs-service.tftest.hcl",
        "hashed_secret": "27e04442841858eca0e2b1481bcf569df43285cd",
        "is_verified": false,
        "line_number": 40,
        "is_secret": false
      },
      {
        "type": "Secret Keyword",
        "filename": "components/terraform/ecs-service/tests/ecs-service.tftest.hcl",
        "hashed_secret": "233788827d712d2b7463819e4c38d2e282463895",
        "is_verified": false,
        "line_number": 100,
        "is_secret": false
      },
      {
        "type": "Base64 High Entropy String",
        "filename": "components/terraform/ecs-service/tests/ecs-service.tftest.hcl",
        "hashed_secret": "65b5ecf4497c3532e03b71bd91b94c67dba19be9",
        "is_verified": false,
        "line_number": 233,
        "is_secret": false
      },
      {
        "type": "Secret Keyword",
        "filename": "components/terraform/ecs-service/tests/ecs-service.tftest.hcl",
        "hashed_secret": "d43497dd64893b3e904b25c0a559ce81357a29b5",
        "is_verified": false,
        "line_number": 745,
        "is_secret": false
      },
      {
        "type": "Secret Keyword",
        "filename": "components/terraform/ecs-service/tests/ecs-service.tftest.hcl",
        "hashed_secret": "cdf1fabf19cf1ddc540388903d8ad85283e8f823",
        "is_verified": false,
        "line_number": 761,
        "is_secret": false
      }
    ],
    "components/terraform/eks-addons/main.tf": [
      {
        "type": "Secret Keyword",
        "filename": "components/terraform/eks-addons/main.tf",
        "hashed_secret": "f12b835413271ac44aa47f18065e5651765c6f14",
        "is_verified": false,
        "line_number": 506,
        "is_secret": false
      },
      {
        "type": "Secret Keyword",
        "filename": "components/terraform/eks-addons/main.tf",
        "hashed_secret": "bac4a635cdee6434ccb1f1bf4039fe4ee1d6ce49",
        "is_verified": false,
        "line_number": 513,
        "is_secret": false
      }
    ],
    "components/terraform/eks-backend-services/main.tf": [
      {
        "type": "Secret Keyword",
        "filename": "components/terraform/eks-backend-services/main.tf",
        "hashed_secret": "025f061def777f814df90e60d43b76051c7b49d2",
        "is_verified": false,
        "line_number": 8,
        "is_secret": false
      },
      {
        "type": "Secret Keyword",
        "filename": "components/terraform/eks-backend-services/main.tf",
        "hashed_secret": "e6d55f0318bf89d937a0296b808fd5f5f5ee6a07",
        "is_verified": false,
        "line_number": 9,
        "is_secret": false
      },
      {
        "type": "Secret Keyword",
        "filename": "components/terraform/eks-backend-services/main.tf",
        "hashed_secret": "249ba36000029bbe97499c03db5a9001f6b734ec",
        "is_verified": false,
        "line_number": 314,
        "is_secret": false
      },
      {
        "type": "Secret Keyword",
        "filename": "components/terraform/eks-backend-services/main.tf",
        "hashed_secret": "5baa61e4c9b93f3f0682250b6cf8331b7ee68fd8",
        "is_verified": false,
        "line_number": 321,
        "is_secret": false
      },
      {
        "type": "Secret Keyword",
        "filename": "components/terraform/eks-backend-services/main.tf",
        "hashed_secret": "f4aae9866cf436c5fb567f0d599bc6ec872e83f6",
        "is_verified": false,
        "line_number": 367,
        "is_secret": false
      }
    ],
    "components/terraform/eks-backend-services/tests/eks-backend-services.tftest.hcl": [
      {
        "type": "Secret Keyword",
        "filename": "components/terraform/eks-backend-services/tests/eks-backend-services.tftest.hcl",
        "hashed_secret": "c0339842a12db14be395cad5bc126d5ed1056718",
        "is_verified": false,
        "line_number": 21,
        "is_secret": false
      },
      {
        "type": "Secret Keyword",
        "filename": "components/terraform/eks-backend-services/tests/eks-backend-services.tftest.hcl",
        "hashed_secret": "5555c9c2e288f227b7e3ab447755c3dcbf8a9cc3",
        "is_verified": false,
        "line_number": 98,
        "is_secret": false
      },
      {
        "type": "Secret Keyword",
        "filename": "components/terraform/eks-backend-services/tests/eks-backend-services.tftest.hcl",
        "hashed_secret": "6f03f02508122b7612a8e504edcce2f50000c49b",
        "is_verified": false,
        "line_number": 130,
        "is_secret": false
      }
    ],
    "components/terraform/eks/tests/access.tftest.hcl": [
      {
        "type": "Base64 High Entropy String",
        "filename": "components/terraform/eks/tests/access.tftest.hcl",
        "hashed_secret": "36b333dcba85dcecd52e76343bab71899e4f523b",
        "is_verified": false,
        "line_number": 17,
        "is_secret": false
      },
      {
        "type": "Hex High Entropy String",
        "filename": "components/terraform/eks/tests/access.tftest.hcl",
        "hashed_secret": "83c1003f406f34fba4d6279a948fee3abc802884",
        "is_verified": false,
        "line_number": 56,
        "is_secret": false
      }
    ],
    "components/terraform/eks/tests/eks.tftest.hcl": [
      {
        "type": "Base64 High Entropy String",
        "filename": "components/terraform/eks/tests/eks.tftest.hcl",
        "hashed_secret": "36b333dcba85dcecd52e76343bab71899e4f523b",
        "is_verified": false,
        "line_number": 17,
        "is_secret": false
      },
      {
        "type": "Hex High Entropy String",
        "filename": "components/terraform/eks/tests/eks.tftest.hcl",
        "hashed_secret": "83c1003f406f34fba4d6279a948fee3abc802884",
        "is_verified": false,
        "line_number": 56,
        "is_secret": false
      }
    ],
    "components/terraform/eks/tests/security-group.tftest.hcl": [
      {
        "type": "Base64 High Entropy String",
        "filename": "components/terraform/eks/tests/security-group.tftest.hcl",
        "hashed_secret": "36b333dcba85dcecd52e76343bab71899e4f523b",
        "is_verified": false,
        "line_number": 17,
        "is_secret": false
      },
      {
        "type": "Hex High Entropy String",
        "filename": "components/terraform/eks/tests/security-group.tftest.hcl",
        "hashed_secret": "83c1003f406f34fba4d6279a948fee3abc802884",
        "is_verified": false,
        "line_number": 56,
        "is_secret": false
      }
    ],
    "components/terraform/external-secrets/main.tf": [
      {
        "type": "Secret Keyword",
        "filename": "components/terraform/external-secrets/main.tf",
        "hashed_secret": "d05a85891c0da05a65ed14ba666a9a3826bbb022",
        "is_verified": false,
        "line_number": 31,
        "is_secret": false
      }
    ],
    "components/terraform/github-runners/functions/jit/index.test.mjs": [
      {
        "type": "Base64 High Entropy String",
        "filename": "components/terraform/github-runners/functions/jit/index.test.mjs",
        "hashed_secret": "4b2f4a7a48c9ae935624d338aaa74bbfa26fc1ce",
        "is_verified": false,
        "line_number": 119,
        "is_secret": false
      }
    ],
    "components/terraform/iam/tests/iam.tftest.hcl": [
      {
        "type": "Secret Keyword",
        "filename": "components/terraform/iam/tests/iam.tftest.hcl",
        "hashed_secret": "a94a8fe5ccb19ba61c4c0873d391e987982fbbd3",
        "is_verified": false,
        "line_number": 11,
        "is_secret": false
      }
    ],
    "components/terraform/kms/tests/service_access.tftest.hcl": [
      {
        "type": "Secret Keyword",
        "filename": "components/terraform/kms/tests/service_access.tftest.hcl",
        "hashed_secret": "a94a8fe5ccb19ba61c4c0873d391e987982fbbd3",
        "is_verified": false,
        "line_number": 11,
        "is_secret": false
      }
    ],
    "components/terraform/lambda/tests/event_source_mappings.tftest.hcl": [
      {
        "type": "Secret Keyword",
        "filename": "components/terraform/lambda/tests/event_source_mappings.tftest.hcl",
        "hashed_secret": "a94a8fe5ccb19ba61c4c0873d391e987982fbbd3",
        "is_verified": false,
        "line_number": 11,
        "is_secret": false
      }
    ],
    "components/terraform/lambda/tests/iam_policies.tftest.hcl": [
      {
        "type": "Secret Keyword",
        "filename": "components/terraform/lambda/tests/iam_policies.tftest.hcl",
        "hashed_secret": "a94a8fe5ccb19ba61c4c0873d391e987982fbbd3",
        "is_verified": false,
        "line_number": 8,
        "is_secret": false
      }
    ],
    "components/terraform/lambda/tests/lambda.tftest.hcl": [
      {
        "type": "Secret Keyword",
        "filename": "components/terraform/lambda/tests/lambda.tftest.hcl",
        "hashed_secret": "a94a8fe5ccb19ba61c4c0873d391e987982fbbd3",
        "is_verified": false,
        "line_number": 13,
        "is_secret": false
      },
      {
        "type": "Secret Keyword",
        "filename": "components/terraform/lambda/tests/lambda.tftest.hcl",
        "hashed_secret": "066393725867b1a90dc54c5942a0b04c5fef4323",
        "is_verified": false,
        "line_number": 139,
        "is_secret": false
      },
      {
        "type": "Secret Keyword",
        "filename": "components/terraform/lambda/tests/lambda.tftest.hcl",
        "hashed_secret": "cc2270e053e0b950adde8444b653d429ac5808d9",
        "is_verified": false,
        "line_number": 162,
        "is_secret": false
      },
      {
        "type": "Secret Keyword",
        "filename": "components/terraform/lambda/tests/lambda.tftest.hcl",
        "hashed_secret": "b9a7490ee3ab0c81f4a9526841d0509feb15107b",
        "is_verified": false,
        "line_number": 255,
        "is_secret": false
      },
      {
        "type": "Secret Keyword",
        "filename": "components/terraform/lambda/tests/lambda.tftest.hcl",
        "hashed_secret": "9d7049a0b049a2d4cae18d35e7a591c82370ac05",
        "is_verified": false,
        "line_number": 311,
        "is_secret": false
      }
    ],
    "components/terraform/monitoring/tests/metrics.tftest.hcl": [
      {
        "type": "Hex High Entropy String",
        "filename": "components/terraform/monitoring/tests/metrics.tftest.hcl",
        "hashed_secret": "b214f706bb602c1cc2adc5c6165e73622305f4bb",
        "is_verified": false,
        "line_number": 26,
        "is_secret": false
      }
    ],
    "components/terraform/rds/tests/rds.tftest.hcl": [
      {
        "type": "Secret Keyword",
        "filename": "components/terraform/rds/tests/rds.tftest.hcl",
        "hashed_secret": "c7ac37562bd725ac83df2b172a2656de77b9a9b6",
        "is_verified": false,
        "line_number": 403,
        "is_secret": false
      }
    ],
    "components/terraform/s3/tests/notifications.tftest.hcl": [
      {
        "type": "Secret Keyword",
        "filename": "components/terraform/s3/tests/notifications.tftest.hcl",
        "hashed_secret": "a94a8fe5ccb19ba61c4c0873d391e987982fbbd3",
        "is_verified": false,
        "line_number": 10,
        "is_secret": false
      }
    ],
    "components/terraform/s3/tests/s3.tftest.hcl": [
      {
        "type": "Secret Keyword",
        "filename": "components/terraform/s3/tests/s3.tftest.hcl",
        "hashed_secret": "a94a8fe5ccb19ba61c4c0873d391e987982fbbd3",
        "is_verified": false,
        "line_number": 11,
        "is_secret": false
      }
    ],
    "components/terraform/secretsmanager/README.md": [
      {
        "type": "Secret Keyword",
        "filename": "components/terraform/secretsmanager/README.md",
        "hashed_secret": "fe60d31167a0da80e027dce84654ea4226ceabc0",
        "is_verified": false,
        "line_number": 26,
        "is_secret": false
      }
    ],
    "components/terraform/sns/tests/sns.tftest.hcl": [
      {
        "type": "Secret Keyword",
        "filename": "components/terraform/sns/tests/sns.tftest.hcl",
        "hashed_secret": "a94a8fe5ccb19ba61c4c0873d391e987982fbbd3",
        "is_verified": false,
        "line_number": 11,
        "is_secret": false
      }
    ],
    "components/terraform/sqs/tests/sqs.tftest.hcl": [
      {
        "type": "Secret Keyword",
        "filename": "components/terraform/sqs/tests/sqs.tftest.hcl",
        "hashed_secret": "a94a8fe5ccb19ba61c4c0873d391e987982fbbd3",
        "is_verified": false,
        "line_number": 11,
        "is_secret": false
      }
    ],
    "scripts/certificates/export-cert.sh": [
      {
        "type": "Secret Keyword",
        "filename": "scripts/certificates/export-cert.sh",
        "hashed_secret": "1102b412ca0fd4a8fa762e06eb1df72d9c6faf4f",
        "is_verified": false,
        "line_number": 27,
        "is_secret": false
      },
      {
        "type": "Secret Keyword",
        "filename": "scripts/certificates/export-cert.sh",
        "hashed_secret": "5ffe533b830f08a0326348a9160afafc8ada44db",
        "is_verified": false,
        "line_number": 334,
        "is_secret": false
      }
    ],
    "scripts/certificates/generate-ssh-key.sh": [
      {
        "type": "Secret Keyword",
        "filename": "scripts/certificates/generate-ssh-key.sh",
        "hashed_secret": "19d88273e4a2633d36ac0d2cb0f49351961ee681",
        "is_verified": false,
        "line_number": 116,
        "is_secret": false
      },
      {
        "type": "Secret Keyword",
        "filename": "scripts/certificates/generate-ssh-key.sh",
        "hashed_secret": "9ebbf53e904935063d4cecb108f2daf79bd469d2",
        "is_verified": false,
        "line_number": 118,
        "is_secret": false
      }
    ],
    "scripts/certificates/monitor-certificates.sh": [
      {
        "type": "Secret Keyword",
        "filename": "scripts/certificates/monitor-certificates.sh",
        "hashed_secret": "5ffe533b830f08a0326348a9160afafc8ada44db",
        "is_verified": false,
        "line_number": 339,
        "is_secret": false
      }
    ],
    "scripts/install-dependencies.sh": [
      {
        "type": "Hex High Entropy String",
        "filename": "scripts/install-dependencies.sh",
        "hashed_secret": "347f3080da551a3a0449a3e3fee0c50a96ede874",
        "is_verified": false,
        "line_number": 171,
        "is_secret": false
      }
    ],
    "security/vault/vault-config.yaml": [
      {
        "type": "Secret Keyword",
        "filename": "security/vault/vault-config.yaml",
        "hashed_secret": "d8e2c18539191f06ddb4524a500ce52944b6ad8f",
        "is_verified": false,
        "line_number": 289,
        "is_secret": false
      }
    ],
    "stacks/catalog/ec2/defaults.yaml": [
      {
        "type": "Secret Keyword",
        "filename": "stacks/catalog/ec2/defaults.yaml",
        "hashed_secret": "5ffe533b830f08a0326348a9160afafc8ada44db",
        "is_verified": false,
        "line_number": 26,
        "is_secret": false
      }
    ],
    "stacks/catalog/external-secrets/defaults.yaml": [
      {
        "type": "Secret Keyword",
        "filename": "stacks/catalog/external-secrets/defaults.yaml",
        "hashed_secret": "5ffe533b830f08a0326348a9160afafc8ada44db",
        "is_verified": false,
        "line_number": 38,
        "is_secret": false
      }
    ],
    "stacks/catalog/github-runners/defaults.yaml": [
      {
        "type": "Hex High Entropy String",
        "filename": "stacks/catalog/github-runners/defaults.yaml",
        "hashed_secret": "e4164d7dbaaeec2ead9a43b8b74d32dbcefb50cf",
        "is_verified": false,
        "line_number": 33,
        "is_secret": false
      }
    ],
    "stacks/catalog/secretsmanager/defaults.yaml": [
      {
        "type": "Secret Keyword",
        "filename": "stacks/catalog/secretsmanager/defaults.yaml",
        "hashed_secret": "5ffe533b830f08a0326348a9160afafc8ada44db",
        "is_verified": false,
        "line_number": 29,
        "is_secret": false
      },
      {
        "type": "Secret Keyword",
        "filename": "stacks/catalog/secretsmanager/defaults.yaml",
        "hashed_secret": "6aaa345040170056d7134d8ffef22eb73bbbb7f2",
        "is_verified": false,
        "line_number": 34,
        "is_secret": false
      }
    ],
    "stacks/catalog/templates/batch-processing.yaml": [
      {
        "type": "Secret Keyword",
        "filename": "stacks/catalog/templates/batch-processing.yaml",
        "hashed_secret": "3eee4d4bcf23d8ff1e8ee14b83a4147af9428330",
        "is_verified": false,
        "line_number": 64,
        "is_secret": false
      },
      {
        "type": "Secret Keyword",
        "filename": "stacks/catalog/templates/batch-processing.yaml",
        "hashed_secret": "ef321cc80176136d15abc2b0f4d91e6ed6e5611f",
        "is_verified": false,
        "line_number": 66,
        "is_secret": false
      }
    ],
    "stacks/catalog/templates/idp-platform.yaml": [
      {
        "type": "Secret Keyword",
        "filename": "stacks/catalog/templates/idp-platform.yaml",
        "hashed_secret": "54f5fdee77ff1bbb5bbdd9fbfd88e8b823ca3da5",
        "is_verified": false,
        "line_number": 36,
        "is_secret": false
      },
      {
        "type": "Secret Keyword",
        "filename": "stacks/catalog/templates/idp-platform.yaml",
        "hashed_secret": "712e0ab3a987f1c5cc2f9ad2e334247bbc774d4a",
        "is_verified": false,
        "line_number": 238,
        "is_secret": false
      },
      {
        "type": "Secret Keyword",
        "filename": "stacks/catalog/templates/idp-platform.yaml",
        "hashed_secret": "7cb6efb98ba5972a9b5090dc2e517fe14d12cb04",
        "is_verified": false,
        "line_number": 250,
        "is_secret": false
      },
      {
        "type": "Secret Keyword",
        "filename": "stacks/catalog/templates/idp-platform.yaml",
        "hashed_secret": "5ffe533b830f08a0326348a9160afafc8ada44db",
        "is_verified": false,
        "line_number": 257,
        "is_secret": false
      }
    ],
    "stacks/catalog/templates/microservices-platform.yaml": [
      {
        "type": "Secret Keyword",
        "filename": "stacks/catalog/templates/microservices-platform.yaml",
        "hashed_secret": "7cb6efb98ba5972a9b5090dc2e517fe14d12cb04",
        "is_verified": false,
        "line_number": 1124,
        "is_secret": false
      },
      {
        "type": "Secret Keyword",
        "filename": "stacks/catalog/templates/microservices-platform.yaml",
        "hashed_secret": "5ffe533b830f08a0326348a9160afafc8ada44db",
        "is_verified": false,
        "line_number": 1714,
        "is_secret": false
      }
    ],
    "stacks/catalog/templates/serverless-api.yaml": [
      {
        "type": "Secret Keyword",
        "filename": "stacks/catalog/templates/serverless-api.yaml",
        "hashed_secret": "7cb6efb98ba5972a9b5090dc2e517fe14d12cb04",
        "is_verified": false,
        "line_number": 204,
        "is_secret": false
      },
      {
        "type": "Secret Keyword",
        "filename": "stacks/catalog/templates/serverless-api.yaml",
        "hashed_secret": "5ffe533b830f08a0326348a9160afafc8ada44db",
        "is_verified": false,
        "line_number": 238,
        "is_secret": false
      }
    ],
    "stacks/catalog/templates/web-application.yaml": [
      {
        "type": "Secret Keyword",
        "filename": "stacks/catalog/templates/web-application.yaml",
        "hashed_secret": "d4cecbaece4e1ec327904b6a02f6b7dec3bf02bc",
        "is_verified": false,
        "line_number": 737,
        "is_secret": false
      }
    ],
    "stacks/orgs/fnx/dev/us-east-1/components/compute.yaml": [
      {
        "type": "Secret Keyword",
        "filename": "stacks/orgs/fnx/dev/us-east-1/components/compute.yaml",
        "hashed_secret": "5ffe533b830f08a0326348a9160afafc8ada44db",
        "is_verified": false,
        "line_number": 179,
        "is_secret": false
      },
      {
        "type": "Secret Keyword",
        "filename": "stacks/orgs/fnx/dev/us-east-1/components/compute.yaml",
        "hashed_secret": "7cb6efb98ba5972a9b5090dc2e517fe14d12cb04",
        "is_verified": false,
        "line_number": 210,
        "is_secret": false
      }
    ],
    "stacks/orgs/fnx/dev/us-east-1/components/security.yaml": [
      {
        "type": "Secret Keyword",
        "filename": "stacks/orgs/fnx/dev/us-east-1/components/security.yaml",
        "hashed_secret": "5ffe533b830f08a0326348a9160afafc8ada44db",
        "is_verified": false,
        "line_number": 184,
        "is_secret": false
      }
    ],
    "stacks/orgs/fnx/dev/us-east-1/components/services.yaml": [
      {
        "type": "Secret Keyword",
        "filename": "stacks/orgs/fnx/dev/us-east-1/components/services.yaml",
        "hashed_secret": "b9042ff97324570798584f0d7fc157136e958932",
        "is_verified": false,
        "line_number": 27,
        "is_secret": false
      },
      {
        "type": "Secret Keyword",
        "filename": "stacks/orgs/fnx/dev/us-east-1/components/services.yaml",
        "hashed_secret": "5ffe533b830f08a0326348a9160afafc8ada44db",
        "is_verified": false,
        "line_number": 28,
        "is_secret": false
      }
    ],
    "stacks/orgs/fnx/fixtures/us-east-1/batch.yaml": [
      {
        "type": "Secret Keyword",
        "filename": "stacks/orgs/fnx/fixtures/us-east-1/batch.yaml",
        "hashed_secret": "5b7ee147d085bcf6d745712e0032d05eddf82488",
        "is_verified": false,
        "line_number": 16,
        "is_secret": false
      }
    ],
    "stacks/orgs/fnx/local/us-east-1/localemu.yaml": [
      {
        "type": "Secret Keyword",
        "filename": "stacks/orgs/fnx/local/us-east-1/localemu.yaml",
        "hashed_secret": "7d3b112e6160e4a46a29fc97ff02f1eebda28ae2",
        "is_verified": false,
        "line_number": 185,
        "is_secret": false
      },
      {
        "type": "Secret Keyword",
        "filename": "stacks/orgs/fnx/local/us-east-1/localemu.yaml",
        "hashed_secret": "7cb6efb98ba5972a9b5090dc2e517fe14d12cb04",
        "is_verified": false,
        "line_number": 190,
        "is_secret": false
      }
    ],
    "stacks/orgs/fnx/prod/us-east-1/components/compute.yaml": [
      {
        "type": "Secret Keyword",
        "filename": "stacks/orgs/fnx/prod/us-east-1/components/compute.yaml",
        "hashed_secret": "5ffe533b830f08a0326348a9160afafc8ada44db",
        "is_verified": false,
        "line_number": 260,
        "is_secret": false
      },
      {
        "type": "Secret Keyword",
        "filename": "stacks/orgs/fnx/prod/us-east-1/components/compute.yaml",
        "hashed_secret": "7cb6efb98ba5972a9b5090dc2e517fe14d12cb04",
        "is_verified": false,
        "line_number": 290,
        "is_secret": false
      }
    ],
    "stacks/orgs/fnx/prod/us-east-1/components/security.yaml": [
      {
        "type": "Secret Keyword",
        "filename": "stacks/orgs/fnx/prod/us-east-1/components/security.yaml",
        "hashed_secret": "5ffe533b830f08a0326348a9160afafc8ada44db",
        "is_verified": false,
        "line_number": 249,
        "is_secret": false
      }
    ],
    "stacks/orgs/fnx/prod/us-east-1/components/services.yaml": [
      {
        "type": "Secret Keyword",
        "filename": "stacks/orgs/fnx/prod/us-east-1/components/services.yaml",
        "hashed_secret": "5ffe533b830f08a0326348a9160afafc8ada44db",
        "is_verified": false,
        "line_number": 39,
        "is_secret": false
      },
      {
        "type": "Secret Keyword",
        "filename": "stacks/orgs/fnx/prod/us-east-1/components/services.yaml",
        "hashed_secret": "1ce4f212f133cdb8daf7dc3384fb56ca1ebf1629",
        "is_verified": false,
        "line_number": 546,
        "is_secret": false
      }
    ],
    "stacks/orgs/fnx/staging/us-east-1/components/compute.yaml": [
      {
        "type": "Secret Keyword",
        "filename": "stacks/orgs/fnx/staging/us-east-1/components/compute.yaml",
        "hashed_secret": "5ffe533b830f08a0326348a9160afafc8ada44db",
        "is_verified": false,
        "line_number": 258,
        "is_secret": false
      },
      {
        "type": "Secret Keyword",
        "filename": "stacks/orgs/fnx/staging/us-east-1/components/compute.yaml",
        "hashed_secret": "7cb6efb98ba5972a9b5090dc2e517fe14d12cb04",
        "is_verified": false,
        "line_number": 288,
        "is_secret": false
      }
    ],
    "stacks/orgs/fnx/staging/us-east-1/components/security.yaml": [
      {
        "type": "Secret Keyword",
        "filename": "stacks/orgs/fnx/staging/us-east-1/components/security.yaml",
        "hashed_secret": "5ffe533b830f08a0326348a9160afafc8ada44db",
        "is_verified": false,
        "line_number": 199,
        "is_secret": false
      }
    ],
    "stacks/orgs/fnx/staging/us-east-1/components/services.yaml": [
      {
        "type": "Secret Keyword",
        "filename": "stacks/orgs/fnx/staging/us-east-1/components/services.yaml",
        "hashed_secret": "5ffe533b830f08a0326348a9160afafc8ada44db",
        "is_verified": false,
        "line_number": 32,
        "is_secret": false
      }
    ],
    "workflows/deploy-full-stack.yaml": [
      {
        "type": "Secret Keyword",
        "filename": "workflows/deploy-full-stack.yaml",
        "hashed_secret": "3b9fa0848e19e01a6f1ec73ef4a178e22fa480e3",
        "is_verified": false,
        "line_number": 227,
        "is_secret": false
      },
      {
        "type": "Secret Keyword",
        "filename": "workflows/deploy-full-stack.yaml",
        "hashed_secret": "2be88ca4242c76e8253ac62474851065032d6833",
        "is_verified": false,
        "line_number": 333,
        "is_secret": false
      }
    ]
  },
  "generated_at": "2026-10-06T20:07:58Z"
}
